node_modules/next/dist/build/templates/app-page.d.ts(10,40): error TS2307: Cannot find module 'VAR_MODULE_GLOBAL_ERROR' or its corresponding type declarations.
node_modules/next/dist/build/webpack-config.d.ts(10,104): error TS2694: Namespace '"C:/Users/admin/Documents/Timepass/slef defance/node_modules/next/dist/compiled/webpack/webpack".webpack' has no exported member 'RuleSetUseItem'.
node_modules/next/dist/build/webpack/loaders/next-app-loader.d.ts(1,13): error TS2613: Module '"C:/Users/admin/Documents/Timepass/slef defance/node_modules/next/dist/compiled/webpack/webpack"' has no default export. Did you mean to use 'import { webpack } from "C:/Users/admin/Documents/Timepass/slef defance/node_modules/next/dist/compiled/webpack/webpack"' instead?
node_modules/next/dist/build/webpack/plugins/define-env-plugin.d.ts(74,86): error TS2694: Namespace '"C:/Users/admin/Documents/Timepass/slef defance/node_modules/next/dist/compiled/webpack/webpack".webpack' has no exported member 'DefinePlugin'.
node_modules/next/dist/client/components/error-boundary.d.ts(2,8): error TS1259: Module '"C:/Users/admin/Documents/Timepass/slef defance/node_modules/@types/react/index"' can only be default-imported using the 'esModuleInterop' flag
node_modules/next/dist/client/components/layout-router.d.ts(3,8): error TS1259: Module '"C:/Users/admin/Documents/Timepass/slef defance/node_modules/@types/react/index"' can only be default-imported using the 'esModuleInterop' flag
node_modules/next/dist/client/components/not-found-boundary.d.ts(1,8): error TS1259: Module '"C:/Users/admin/Documents/Timepass/slef defance/node_modules/@types/react/index"' can only be default-imported using the 'esModuleInterop' flag
node_modules/next/dist/client/components/static-generation-searchparams-bailout-provider.d.ts(1,8): error TS1259: Module '"C:/Users/admin/Documents/Timepass/slef defance/node_modules/@types/react/index"' can only be default-imported using the 'esModuleInterop' flag
node_modules/next/dist/client/link.d.ts(2,8): error TS1259: Module '"C:/Users/admin/Documents/Timepass/slef defance/node_modules/@types/react/index"' can only be default-imported using the 'esModuleInterop' flag
node_modules/next/dist/client/with-router.d.ts(1,8): error TS1259: Module '"C:/Users/admin/Documents/Timepass/slef defance/node_modules/@types/react/index"' can only be default-imported using the 'esModuleInterop' flag
node_modules/next/dist/server/app-render/entry-base.d.ts(1,85): error TS2307: Cannot find module 'react-server-dom-webpack/server.edge' or its corresponding type declarations.
node_modules/next/dist/server/render.d.ts(16,8): error TS1259: Module '"C:/Users/admin/Documents/Timepass/slef defance/node_modules/@types/react/index"' can only be default-imported using the 'esModuleInterop' flag
node_modules/next/dist/shared/lib/amp-context.shared-runtime.d.ts(1,8): error TS1259: Module '"C:/Users/admin/Documents/Timepass/slef defance/node_modules/@types/react/index"' can only be default-imported using the 'esModuleInterop' flag
node_modules/next/dist/shared/lib/app-router-context.shared-runtime.d.ts(4,8): error TS1259: Module '"C:/Users/admin/Documents/Timepass/slef defance/node_modules/@types/react/index"' can only be default-imported using the 'esModuleInterop' flag
node_modules/next/dist/shared/lib/head-manager-context.shared-runtime.d.ts(1,8): error TS1259: Module '"C:/Users/admin/Documents/Timepass/slef defance/node_modules/@types/react/index"' can only be default-imported using the 'esModuleInterop' flag
node_modules/next/dist/shared/lib/image-config-context.shared-runtime.d.ts(1,8): error TS1259: Module '"C:/Users/admin/Documents/Timepass/slef defance/node_modules/@types/react/index"' can only be default-imported using the 'esModuleInterop' flag
node_modules/next/dist/shared/lib/loadable-context.shared-runtime.d.ts(1,8): error TS1259: Module '"C:/Users/admin/Documents/Timepass/slef defance/node_modules/@types/react/index"' can only be default-imported using the 'esModuleInterop' flag
node_modules/next/dist/shared/lib/loadable.shared-runtime.d.ts(21,8): error TS1259: Module '"C:/Users/admin/Documents/Timepass/slef defance/node_modules/@types/react/index"' can only be default-imported using the 'esModuleInterop' flag
node_modules/next/dist/shared/lib/router-context.shared-runtime.d.ts(1,8): error TS1259: Module '"C:/Users/admin/Documents/Timepass/slef defance/node_modules/@types/react/index"' can only be default-imported using the 'esModuleInterop' flag
node_modules/next/dist/shared/lib/server-inserted-html.shared-runtime.d.ts(1,8): error TS1259: Module '"C:/Users/admin/Documents/Timepass/slef defance/node_modules/@types/react/index"' can only be default-imported using the 'esModuleInterop' flag
node_modules/next/dist/shared/lib/utils.d.ts(12,13): error TS1192: Module '"fs"' has no default export.
node_modules/next/types/index.d.ts(10,13): error TS1259: Module '"C:/Users/admin/Documents/Timepass/slef defance/node_modules/@types/react/index"' can only be default-imported using the 'esModuleInterop' flag
src/app/models/[id]/page.tsx(28,31): error TS2307: Cannot find module '@/lib/models' or its corresponding type declarations.
src/app/models/[id]/page.tsx(29,35): error TS2307: Cannot find module '@/lib/identity-provider' or its corresponding type declarations.
src/app/models/[id]/page.tsx(30,38): error TS2307: Cannot find module '@/components/ui-states' or its corresponding type declarations.
src/app/models/[id]/page.tsx(145,7): error TS17004: Cannot use JSX unless the '--jsx' flag is provided.
src/app/models/[id]/page.tsx(146,9): error TS17004: Cannot use JSX unless the '--jsx' flag is provided.
src/app/models/[id]/page.tsx(147,11): error TS17004: Cannot use JSX unless the '--jsx' flag is provided.
src/app/models/[id]/page.tsx(148,11): error TS17004: Cannot use JSX unless the '--jsx' flag is provided.
src/app/models/[id]/page.tsx(149,14): error TS17004: Cannot use JSX unless the '--jsx' flag is provided.
src/app/models/[id]/page.tsx(150,14): error TS17004: Cannot use JSX unless the '--jsx' flag is provided.
src/app/models/[id]/page.tsx(153,9): error TS17004: Cannot use JSX unless the '--jsx' flag is provided.
src/app/models/[id]/page.tsx(154,33): error TS17004: Cannot use JSX unless the '--jsx' flag is provided.
src/app/models/[id]/page.tsx(156,9): error TS17004: Cannot use JSX unless the '--jsx' flag is provided.
src/app/models/[id]/page.tsx(163,7): error TS17004: Cannot use JSX unless the '--jsx' flag is provided.
src/app/models/[id]/page.tsx(164,9): error TS17004: Cannot use JSX unless the '--jsx' flag is provided.
src/app/models/[id]/page.tsx(183,5): error TS17004: Cannot use JSX unless the '--jsx' flag is provided.
src/app/models/[id]/page.tsx(185,7): error TS17004: Cannot use JSX unless the '--jsx' flag is provided.
src/app/models/[id]/page.tsx(186,9): error TS17004: Cannot use JSX unless the '--jsx' flag is provided.
src/app/models/[id]/page.tsx(187,11): error TS17004: Cannot use JSX unless the '--jsx' flag is provided.
src/app/models/[id]/page.tsx(188,14): error TS17004: Cannot use JSX unless the '--jsx' flag is provided.
src/app/models/[id]/page.tsx(189,14): error TS17004: Cannot use JSX unless the '--jsx' flag is provided.
src/app/models/[id]/page.tsx(190,14): error TS17004: Cannot use JSX unless the '--jsx' flag is provided.
src/app/models/[id]/page.tsx(193,11): error TS17004: Cannot use JSX unless the '--jsx' flag is provided.
src/app/models/[id]/page.tsx(194,13): error TS17004: Cannot use JSX unless the '--jsx' flag is provided.
src/app/models/[id]/page.tsx(195,15): error TS17004: Cannot use JSX unless the '--jsx' flag is provided.
src/app/models/[id]/page.tsx(197,13): error TS17004: Cannot use JSX unless the '--jsx' flag is provided.
src/app/models/[id]/page.tsx(198,15): error TS17004: Cannot use JSX unless the '--jsx' flag is provided.
src/app/models/[id]/page.tsx(199,17): error TS17004: Cannot use JSX unless the '--jsx' flag is provided.
src/app/models/[id]/page.tsx(200,17): error TS17004: Cannot use JSX unless the '--jsx' flag is provided.
src/app/models/[id]/page.tsx(202,15): error TS17004: Cannot use JSX unless the '--jsx' flag is provided.
src/app/models/[id]/page.tsx(203,17): error TS17004: Cannot use JSX unless the '--jsx' flag is provided.
src/app/models/[id]/page.tsx(204,19): error TS17004: Cannot use JSX unless the '--jsx' flag is provided.
src/app/models/[id]/page.tsx(205,19): error TS17004: Cannot use JSX unless the '--jsx' flag is provided.
src/app/models/[id]/page.tsx(207,17): error TS17004: Cannot use JSX unless the '--jsx' flag is provided.
src/app/models/[id]/page.tsx(208,17): error TS17004: Cannot use JSX unless the '--jsx' flag is provided.
src/app/models/[id]/page.tsx(209,19): error TS17004: Cannot use JSX unless the '--jsx' flag is provided.
src/app/models/[id]/page.tsx(210,19): error TS17004: Cannot use JSX unless the '--jsx' flag is provided.
src/app/models/[id]/page.tsx(217,9): error TS17004: Cannot use JSX unless the '--jsx' flag is provided.
src/app/models/[id]/page.tsx(218,12): error TS17004: Cannot use JSX unless the '--jsx' flag is provided.
src/app/models/[id]/page.tsx(219,14): error TS17004: Cannot use JSX unless the '--jsx' flag is provided.
src/app/models/[id]/page.tsx(221,12): error TS17004: Cannot use JSX unless the '--jsx' flag is provided.
src/app/models/[id]/page.tsx(228,7): error TS17004: Cannot use JSX unless the '--jsx' flag is provided.
src/app/models/[id]/page.tsx(230,11): error TS17004: Cannot use JSX unless the '--jsx' flag is provided.
src/app/models/[id]/page.tsx(239,13): error TS17004: Cannot use JSX unless the '--jsx' flag is provided.
src/app/models/[id]/page.tsx(246,7): error TS17004: Cannot use JSX unless the '--jsx' flag is provided.
src/app/models/[id]/page.tsx(248,11): error TS17004: Cannot use JSX unless the '--jsx' flag is provided.
src/app/models/[id]/page.tsx(249,13): error TS17004: Cannot use JSX unless the '--jsx' flag is provided.
src/app/models/[id]/page.tsx(250,15): error TS17004: Cannot use JSX unless the '--jsx' flag is provided.
src/app/models/[id]/page.tsx(251,17): error TS17004: Cannot use JSX unless the '--jsx' flag is provided.
src/app/models/[id]/page.tsx(252,17): error TS17004: Cannot use JSX unless the '--jsx' flag is provided.
src/app/models/[id]/page.tsx(257,15): error TS17004: Cannot use JSX unless the '--jsx' flag is provided.
src/app/models/[id]/page.tsx(258,17): error TS17004: Cannot use JSX unless the '--jsx' flag is provided.
src/app/models/[id]/page.tsx(259,17): error TS17004: Cannot use JSX unless the '--jsx' flag is provided.
src/app/models/[id]/page.tsx(266,22): error TS17004: Cannot use JSX unless the '--jsx' flag is provided.
src/app/models/[id]/page.tsx(267,25): error TS17004: Cannot use JSX unless the '--jsx' flag is provided.
src/app/models/[id]/page.tsx(268,25): error TS17004: Cannot use JSX unless the '--jsx' flag is provided.
src/app/models/[id]/page.tsx(269,25): error TS17004: Cannot use JSX unless the '--jsx' flag is provided.
src/app/models/[id]/page.tsx(276,13): error TS17004: Cannot use JSX unless the '--jsx' flag is provided.
src/app/models/[id]/page.tsx(277,16): error TS17004: Cannot use JSX unless the '--jsx' flag is provided.
src/app/models/[id]/page.tsx(278,19): error TS17004: Cannot use JSX unless the '--jsx' flag is provided.
src/app/models/[id]/page.tsx(279,19): error TS17004: Cannot use JSX unless the '--jsx' flag is provided.
src/app/models/[id]/page.tsx(280,21): error TS17004: Cannot use JSX unless the '--jsx' flag is provided.
src/app/models/[id]/page.tsx(281,23): error TS17004: Cannot use JSX unless the '--jsx' flag is provided.
src/app/models/[id]/page.tsx(282,23): error TS17004: Cannot use JSX unless the '--jsx' flag is provided.
src/app/models/[id]/page.tsx(284,21): error TS17004: Cannot use JSX unless the '--jsx' flag is provided.
src/app/models/[id]/page.tsx(285,23): error TS17004: Cannot use JSX unless the '--jsx' flag is provided.
src/app/models/[id]/page.tsx(286,23): error TS17004: Cannot use JSX unless the '--jsx' flag is provided.
src/app/models/[id]/page.tsx(288,21): error TS17004: Cannot use JSX unless the '--jsx' flag is provided.
src/app/models/[id]/page.tsx(289,23): error TS17004: Cannot use JSX unless the '--jsx' flag is provided.
src/app/models/[id]/page.tsx(290,23): error TS17004: Cannot use JSX unless the '--jsx' flag is provided.
src/app/models/[id]/page.tsx(295,16): error TS17004: Cannot use JSX unless the '--jsx' flag is provided.
src/app/models/[id]/page.tsx(296,19): error TS17004: Cannot use JSX unless the '--jsx' flag is provided.
src/app/models/[id]/page.tsx(297,19): error TS17004: Cannot use JSX unless the '--jsx' flag is provided.
src/app/models/[id]/page.tsx(298,19): error TS17004: Cannot use JSX unless the '--jsx' flag is provided.
src/app/models/[id]/page.tsx(299,19): error TS17004: Cannot use JSX unless the '--jsx' flag is provided.
src/app/models/[id]/page.tsx(306,11): error TS17004: Cannot use JSX unless the '--jsx' flag is provided.
src/app/models/[id]/page.tsx(308,13): error TS17004: Cannot use JSX unless the '--jsx' flag is provided.
src/app/models/[id]/page.tsx(310,17): error TS17004: Cannot use JSX unless the '--jsx' flag is provided.
src/app/models/[id]/page.tsx(311,19): error TS17004: Cannot use JSX unless the '--jsx' flag is provided.
src/app/models/[id]/page.tsx(312,21): error TS17004: Cannot use JSX unless the '--jsx' flag is provided.
src/app/models/[id]/page.tsx(314,19): error TS17004: Cannot use JSX unless the '--jsx' flag is provided.
src/app/models/[id]/page.tsx(315,21): error TS17004: Cannot use JSX unless the '--jsx' flag is provided.
src/app/models/[id]/page.tsx(316,21): error TS17004: Cannot use JSX unless the '--jsx' flag is provided.
src/app/models/[id]/page.tsx(320,17): error TS17004: Cannot use JSX unless the '--jsx' flag is provided.
src/app/models/[id]/page.tsx(322,21): error TS17004: Cannot use JSX unless the '--jsx' flag is provided.
src/app/models/[id]/page.tsx(326,23): error TS17004: Cannot use JSX unless the '--jsx' flag is provided.
src/app/models/[id]/page.tsx(334,27): error TS17004: Cannot use JSX unless the '--jsx' flag is provided.
src/app/models/[id]/page.tsx(335,29): error TS17004: Cannot use JSX unless the '--jsx' flag is provided.
src/app/models/[id]/page.tsx(342,31): error TS17004: Cannot use JSX unless the '--jsx' flag is provided.
src/app/models/[id]/page.tsx(345,31): error TS17004: Cannot use JSX unless the '--jsx' flag is provided.
src/app/models/[id]/page.tsx(346,33): error TS17004: Cannot use JSX unless the '--jsx' flag is provided.
src/app/models/[id]/page.tsx(349,29): error TS17004: Cannot use JSX unless the '--jsx' flag is provided.
src/app/models/[id]/page.tsx(358,21): error TS17004: Cannot use JSX unless the '--jsx' flag is provided.
src/app/models/[id]/page.tsx(359,23): error TS17004: Cannot use JSX unless the '--jsx' flag is provided.
src/app/models/[id]/page.tsx(363,19): error TS17004: Cannot use JSX unless the '--jsx' flag is provided.
src/app/models/[id]/page.tsx(369,13): error TS17004: Cannot use JSX unless the '--jsx' flag is provided.
src/app/models/[id]/page.tsx(370,15): error TS17004: Cannot use JSX unless the '--jsx' flag is provided.
src/app/models/[id]/page.tsx(371,17): error TS17004: Cannot use JSX unless the '--jsx' flag is provided.
src/app/models/[id]/page.tsx(373,17): error TS17004: Cannot use JSX unless the '--jsx' flag is provided.
src/app/models/[id]/page.tsx(374,19): error TS17004: Cannot use JSX unless the '--jsx' flag is provided.
src/app/models/[id]/page.tsx(389,19): error TS17004: Cannot use JSX unless the '--jsx' flag is provided.
src/app/models/[id]/page.tsx(390,21): error TS17004: Cannot use JSX unless the '--jsx' flag is provided.
src/app/models/[id]/page.tsx(391,23): error TS17004: Cannot use JSX unless the '--jsx' flag is provided.
src/app/models/[id]/page.tsx(392,23): error TS17004: Cannot use JSX unless the '--jsx' flag is provided.
src/app/models/[id]/page.tsx(397,25): error TS17004: Cannot use JSX unless the '--jsx' flag is provided.
src/app/models/[id]/page.tsx(400,23): error TS17004: Cannot use JSX unless the '--jsx' flag is provided.
src/app/models/[id]/page.tsx(402,23): error TS17004: Cannot use JSX unless the '--jsx' flag is provided.
src/app/models/[id]/page.tsx(408,27): error TS17004: Cannot use JSX unless the '--jsx' flag is provided.
src/app/models/[id]/page.tsx(413,21): error TS17004: Cannot use JSX unless the '--jsx' flag is provided.
src/app/models/[id]/page.tsx(414,23): error TS17004: Cannot use JSX unless the '--jsx' flag is provided.
src/app/models/[id]/page.tsx(425,23): error TS17004: Cannot use JSX unless the '--jsx' flag is provided.
src/app/models/[id]/page.tsx(430,38): error TS17004: Cannot use JSX unless the '--jsx' flag is provided.
src/app/models/[id]/page.tsx(430,164): error TS17004: Cannot use JSX unless the '--jsx' flag is provided.
src/app/models/[id]/page.tsx(442,11): error TS17004: Cannot use JSX unless the '--jsx' flag is provided.
src/app/models/[id]/page.tsx(443,13): error TS17004: Cannot use JSX unless the '--jsx' flag is provided.
src/app/models/[id]/page.tsx(444,13): error TS17004: Cannot use JSX unless the '--jsx' flag is provided.
src/app/models/[id]/page.tsx(445,16): error TS17004: Cannot use JSX unless the '--jsx' flag is provided.
src/app/models/[id]/page.tsx(446,19): error TS17004: Cannot use JSX unless the '--jsx' flag is provided.
src/app/models/[id]/page.tsx(447,22): error TS17004: Cannot use JSX unless the '--jsx' flag is provided.
src/app/models/[id]/page.tsx(448,25): error TS17004: Cannot use JSX unless the '--jsx' flag is provided.
src/app/models/[id]/page.tsx(449,28): error TS17004: Cannot use JSX unless the '--jsx' flag is provided.
src/app/models/[id]/page.tsx(451,25): error TS17004: Cannot use JSX unless the '--jsx' flag is provided.
src/app/models/[id]/page.tsx(452,28): error TS17004: Cannot use JSX unless the '--jsx' flag is provided.
src/app/models/[id]/page.tsx(453,28): error TS17004: Cannot use JSX unless the '--jsx' flag is provided.
src/app/models/[id]/page.tsx(456,22): error TS17004: Cannot use JSX unless the '--jsx' flag is provided.
src/app/models/[id]/page.tsx(457,25): error TS17004: Cannot use JSX unless the '--jsx' flag is provided.
src/app/models/[id]/page.tsx(461,19): error TS17004: Cannot use JSX unless the '--jsx' flag is provided.
src/app/models/[id]/page.tsx(462,22): error TS17004: Cannot use JSX unless the '--jsx' flag is provided.
src/app/models/[id]/page.tsx(463,25): error TS17004: Cannot use JSX unless the '--jsx' flag is provided.
src/app/models/[id]/page.tsx(464,28): error TS17004: Cannot use JSX unless the '--jsx' flag is provided.
src/app/models/[id]/page.tsx(465,28): error TS17004: Cannot use JSX unless the '--jsx' flag is provided.
src/app/models/[id]/page.tsx(467,25): error TS17004: Cannot use JSX unless the '--jsx' flag is provided.
src/app/models/[id]/page.tsx(468,28): error TS17004: Cannot use JSX unless the '--jsx' flag is provided.
src/app/models/[id]/page.tsx(469,31): error TS17004: Cannot use JSX unless the '--jsx' flag is provided.
src/app/models/[id]/page.tsx(470,31): error TS17004: Cannot use JSX unless the '--jsx' flag is provided.
src/app/models/[id]/page.tsx(472,28): error TS17004: Cannot use JSX unless the '--jsx' flag is provided.
src/app/models/[id]/page.tsx(473,31): error TS17004: Cannot use JSX unless the '--jsx' flag is provided.
src/app/models/[id]/page.tsx(474,31): error TS17004: Cannot use JSX unless the '--jsx' flag is provided.
src/app/models/[id]/page.tsx(476,28): error TS17004: Cannot use JSX unless the '--jsx' flag is provided.
src/app/models/[id]/page.tsx(477,31): error TS17004: Cannot use JSX unless the '--jsx' flag is provided.
src/app/models/[id]/page.tsx(478,31): error TS17004: Cannot use JSX unless the '--jsx' flag is provided.
src/app/models/[id]/page.tsx(483,22): error TS17004: Cannot use JSX unless the '--jsx' flag is provided.
src/app/models/[id]/page.tsx(484,25): error TS17004: Cannot use JSX unless the '--jsx' flag is provided.
src/app/models/[id]/page.tsx(489,19): error TS17004: Cannot use JSX unless the '--jsx' flag is provided.
src/app/models/[id]/page.tsx(490,22): error TS17004: Cannot use JSX unless the '--jsx' flag is provided.
src/app/models/[id]/page.tsx(491,22): error TS17004: Cannot use JSX unless the '--jsx' flag is provided.
src/app/models/[id]/page.tsx(499,12): error TS17004: Cannot use JSX unless the '--jsx' flag is provided.
src/app/models/[id]/page.tsx(500,15): error TS17004: Cannot use JSX unless the '--jsx' flag is provided.
src/app/models/[id]/page.tsx(501,18): error TS17004: Cannot use JSX unless the '--jsx' flag is provided.
src/app/models/[id]/page.tsx(503,15): error TS17004: Cannot use JSX unless the '--jsx' flag is provided.
src/app/models/[id]/page.tsx(504,17): error TS17004: Cannot use JSX unless the '--jsx' flag is provided.
src/app/models/[id]/page.tsx(505,17): error TS17004: Cannot use JSX unless the '--jsx' flag is provided.
src/app/models/[id]/page.tsx(507,15): error TS17004: Cannot use JSX unless the '--jsx' flag is provided.
src/app/models/[id]/page.tsx(508,18): error TS17004: Cannot use JSX unless the '--jsx' flag is provided.
src/app/models/[id]/page.tsx(516,12): error TS17004: Cannot use JSX unless the '--jsx' flag is provided.
src/app/models/[id]/page.tsx(517,15): error TS17004: Cannot use JSX unless the '--jsx' flag is provided.
src/app/models/[id]/page.tsx(518,18): error TS17004: Cannot use JSX unless the '--jsx' flag is provided.
src/app/models/[id]/page.tsx(519,18): error TS17004: Cannot use JSX unless the '--jsx' flag is provided.
src/app/models/[id]/page.tsx(521,23): error TS17004: Cannot use JSX unless the '--jsx' flag is provided.
src/app/models/[id]/page.tsx(525,15): error TS17004: Cannot use JSX unless the '--jsx' flag is provided.
src/app/models/[id]/page.tsx(526,18): error TS17004: Cannot use JSX unless the '--jsx' flag is provided.
src/app/models/[id]/page.tsx(527,18): error TS17004: Cannot use JSX unless the '--jsx' flag is provided.
src/app/models/[id]/page.tsx(528,21): error TS17004: Cannot use JSX unless the '--jsx' flag is provided.
src/app/models/[id]/page.tsx(529,21): error TS17004: Cannot use JSX unless the '--jsx' flag is provided.
src/app/models/[id]/page.tsx(530,21): error TS17004: Cannot use JSX unless the '--jsx' flag is provided.
src/app/models/[id]/page.tsx(537,11): error TS17004: Cannot use JSX unless the '--jsx' flag is provided.
src/app/models/[id]/page.tsx(538,14): error TS17004: Cannot use JSX unless the '--jsx' flag is provided.
src/app/models/[id]/page.tsx(539,17): error TS17004: Cannot use JSX unless the '--jsx' flag is provided.
src/app/models/[id]/page.tsx(540,17): error TS17004: Cannot use JSX unless the '--jsx' flag is provided.
src/app/models/[id]/page.tsx(542,14): error TS17004: Cannot use JSX unless the '--jsx' flag is provided.
src/app/models/[id]/page.tsx(548,19): error TS17004: Cannot use JSX unless the '--jsx' flag is provided.
src/app/models/[id]/page.tsx(549,21): error TS17004: Cannot use JSX unless the '--jsx' flag is provided.
src/app/models/[id]/page.tsx(550,24): error TS17004: Cannot use JSX unless the '--jsx' flag is provided.
src/app/models/[id]/page.tsx(551,26): error TS17004: Cannot use JSX unless the '--jsx' flag is provided.
src/app/models/[id]/page.tsx(553,24): error TS17004: Cannot use JSX unless the '--jsx' flag is provided.
src/app/models/[id]/page.tsx(554,26): error TS17004: Cannot use JSX unless the '--jsx' flag is provided.
src/app/models/[id]/page.tsx(555,26): error TS17004: Cannot use JSX unless the '--jsx' flag is provided.
src/app/models/[id]/page.tsx(558,21): error TS17004: Cannot use JSX unless the '--jsx' flag is provided.
src/app/models/[id]/page.tsx(559,24): error TS17004: Cannot use JSX unless the '--jsx' flag is provided.
src/app/models/[id]/page.tsx(560,24): error TS17004: Cannot use JSX unless the '--jsx' flag is provided.
src/app/models/[id]/page.tsx(563,24): error TS17004: Cannot use JSX unless the '--jsx' flag is provided.
